تقييم على 5823 صورة (val) بوضع TURBO...
  ... تمت معالجة 50/5823 صورة
  ... تمت معالجة 100/5823 صورة
  ... تمت معالجة 150/5823 صورة
  ... تمت معالجة 200/5823 صورة
  ... تمت معالجة 250/5823 صورة
  ... تمت معالجة 300/5823 صورة
  ... تمت معالجة 350/5823 صورة
  ... تمت معالجة 400/5823 صورة
  ... تمت معالجة 450/5823 صورة
  ... تمت معالجة 500/5823 صورة
  ... تمت معالجة 550/5823 صورة
  ... تمت معالجة 600/5823 صورة
  ... تمت معالجة 650/5823 صورة
  ... تمت معالجة 700/5823 صورة
  ... تمت معالجة 750/5823 صورة
  ... تمت معالجة 800/5823 صورة
  ... تمت معالجة 850/5823 صورة
  ... تمت معالجة 900/5823 صورة
  ... تمت معالجة 950/5823 صورة
  ... تمت معالجة 1000/5823 صورة
  ... تمت معالجة 1050/5823 صورة
  ... تمت معالجة 1100/5823 صورة
  ... تمت معالجة 1150/5823 صورة
  ... تمت معالجة 1200/5823 صورة
  ... تمت معالجة 1250/5823 صورة
  ... تمت معالجة 1300/5823 صورة
  ... تمت معالجة 1350/5823 صورة
  ... تمت معالجة 1400/5823 صورة
  ... تمت معالجة 1450/5823 صورة
  ... تمت معالجة 1500/5823 صورة
  ... تمت معالجة 1550/5823 صورة
  ... تمت معالجة 1600/5823 صورة
  ... تمت معالجة 1650/5823 صورة
  ... تمت معالجة 1700/5823 صورة
  ... تمت معالجة 1750/5823 صورة
  ... تمت معالجة 1800/5823 صورة
  ... تمت معالجة 1850/5823 صورة
  ... تمت معالجة 1900/5823 صورة
  ... تمت معالجة 1950/5823 صورة
  ... تمت معالجة 2000/5823 صورة
  ... تمت معالجة 2050/5823 صورة
  ... تمت معالجة 2100/5823 صورة
  ... تمت معالجة 2150/5823 صورة
  ... تمت معالجة 2200/5823 صورة
  ... تمت معالجة 2250/5823 صورة
  ... تمت معالجة 2300/5823 صورة
  ... تمت معالجة 2350/5823 صورة
  ... تمت معالجة 2400/5823 صورة
  ... تمت معالجة 2450/5823 صورة
  ... تمت معالجة 2500/5823 صورة
  ... تمت معالجة 2550/5823 صورة
  ... تمت معالجة 2600/5823 صورة
  ... تمت معالجة 2650/5823 صورة
  ... تمت معالجة 2700/5823 صورة
  ... تمت معالجة 2750/5823 صورة
  ... تمت معالجة 2800/5823 صورة
  ... تمت معالجة 2850/5823 صورة
  ... تمت معالجة 2900/5823 صورة
  ... تمت معالجة 2950/5823 صورة
  ... تمت معالجة 3000/5823 صورة
  ... تمت معالجة 3050/5823 صورة
  ... تمت معالجة 3100/5823 صورة
  ... تمت معالجة 3150/5823 صورة
  ... تمت معالجة 3200/5823 صورة
  ... تمت معالجة 3250/5823 صورة
  ... تمت معالجة 3300/5823 صورة
  ... تمت معالجة 3350/5823 صورة
  ... تمت معالجة 3400/5823 صورة
  ... تمت معالجة 3450/5823 صورة
  ... تمت معالجة 3500/5823 صورة
  ... تمت معالجة 3550/5823 صورة
  ... تمت معالجة 3600/5823 صورة
  ... تمت معالجة 3650/5823 صورة
  ... تمت معالجة 3700/5823 صورة
  ... تمت معالجة 3750/5823 صورة
  ... تمت معالجة 3800/5823 صورة
  ... تمت معالجة 3850/5823 صورة
  ... تمت معالجة 3900/5823 صورة
  ... تمت معالجة 3950/5823 صورة
  ... تمت معالجة 4000/5823 صورة
  ... تمت معالجة 4050/5823 صورة
  ... تمت معالجة 4100/5823 صورة
  ... تمت معالجة 4150/5823 صورة
  ... تمت معالجة 4200/5823 صورة
  ... تمت معالجة 4250/5823 صورة
  ... تمت معالجة 4300/5823 صورة
  ... تمت معالجة 4350/5823 صورة
  ... تمت معالجة 4400/5823 صورة
  ... تمت معالجة 4450/5823 صورة
  ... تمت معالجة 4500/5823 صورة
  ... تمت معالجة 4550/5823 صورة
  ... تمت معالجة 4600/5823 صورة
  ... تمت معالجة 4650/5823 صورة
  ... تمت معالجة 4700/5823 صورة
  ... تمت معالجة 4750/5823 صورة
  ... تمت معالجة 4800/5823 صورة
  ... تمت معالجة 4850/5823 صورة
  ... تمت معالجة 4900/5823 صورة
  ... تمت معالجة 4950/5823 صورة
  ... تمت معالجة 5000/5823 صورة
  ... تمت معالجة 5050/5823 صورة
  ... تمت معالجة 5100/5823 صورة
  ... تمت معالجة 5150/5823 صورة
  ... تمت معالجة 5200/5823 صورة
  ... تمت معالجة 5250/5823 صورة
  ... تمت معالجة 5300/5823 صورة
  ... تمت معالجة 5350/5823 صورة
  ... تمت معالجة 5400/5823 صورة
  ... تمت معالجة 5450/5823 صورة
  ... تمت معالجة 5500/5823 صورة
  ... تمت معالجة 5550/5823 صورة
  ... تمت معالجة 5600/5823 صورة
  ... تمت معالجة 5650/5823 صورة
  ... تمت معالجة 5700/5823 صورة
  ... تمت معالجة 5750/5823 صورة
  ... تمت معالجة 5800/5823 صورة

--- الدقة لكل صنف (AP) ---
  aeroplane      : 51.8%
  bicycle        : 40.2%
  bird           : 23.4%
  boat           : 14.6%
  bottle         : 7.1%
  bus            : 56.1%
  car            : 23.8%
  cat            : 59.9%
  chair          : 7.1%
  cow            : 19.6%
  diningtable    : 35.3%
  dog            : 46.0%
  horse          : 41.5%
  motorbike      : 43.2%
  person         : 37.4%
  pottedplant    : 10.0%
  sheep          : 14.9%
  sofa           : 30.7%
  train          : 51.9%
  tvmonitor      : 20.5%

mAP@0.5 = 31.74%  (المرجع في التقرير: 71.4% على وضع NORMAL)
