حساب K-Means anchors من التوزيع الحقيقي لصناديق VOC2012 (القسم 3.7)...
  c1: ['(0.036, 0.065)', '(0.058, 0.160)', '(0.114, 0.083)', '(0.133, 0.175)']
  c2: ['(0.093, 0.318)', '(0.268, 0.156)', '(0.184, 0.289)', '(0.151, 0.522)', '(0.267, 0.379)', '(0.458, 0.234)']
  c3: ['(0.236, 0.690)', '(0.358, 0.521)', '(0.487, 0.393)', '(0.352, 0.777)', '(0.844, 0.372)', '(0.577, 0.586)']
  c4: ['(0.490, 0.842)', '(0.875, 0.629)', '(0.692, 0.864)', '(0.933, 0.921)']
بدء التدريب على cpu لعدد 5717 صورة، من الحقبة 1 حتى 100.
Epoch 1/100 - loss: 17.5213 - lr: 0.000280
Epoch 2/100 - loss: 10.7647 - lr: 0.000460
Epoch 3/100 - loss: 6.9293 - lr: 0.000640
Epoch 4/100 - loss: 6.4861 - lr: 0.000820
Epoch 5/100 - loss: 6.1851 - lr: 0.001000
Epoch 6/100 - loss: 6.0454 - lr: 0.001000
Epoch 7/100 - loss: 5.8493 - lr: 0.001000
Epoch 8/100 - loss: 5.7146 - lr: 0.001000
Epoch 9/100 - loss: 5.6248 - lr: 0.001000
Epoch 10/100 - loss: 5.5342 - lr: 0.001000
Epoch 11/100 - loss: 5.4556 - lr: 0.001000
Epoch 12/100 - loss: 5.3618 - lr: 0.001000
Epoch 13/100 - loss: 5.3676 - lr: 0.001000
Epoch 14/100 - loss: 5.3017 - lr: 0.001000
Epoch 15/100 - loss: 5.2406 - lr: 0.001000
Epoch 16/100 - loss: 5.1846 - lr: 0.001000
Epoch 17/100 - loss: 5.1667 - lr: 0.001000
Epoch 18/100 - loss: 5.1193 - lr: 0.001000
Epoch 19/100 - loss: 5.1047 - lr: 0.001000
Epoch 20/100 - loss: 5.1086 - lr: 0.001000
Epoch 21/100 - loss: 5.0666 - lr: 0.001000
Epoch 22/100 - loss: 5.0478 - lr: 0.001000
Epoch 23/100 - loss: 4.9807 - lr: 0.001000
Epoch 24/100 - loss: 4.9794 - lr: 0.001000
Epoch 25/100 - loss: 4.9760 - lr: 0.001000
Epoch 26/100 - loss: 4.9666 - lr: 0.001000
Epoch 27/100 - loss: 4.9239 - lr: 0.001000
Epoch 28/100 - loss: 4.8597 - lr: 0.001000
Epoch 29/100 - loss: 4.8871 - lr: 0.001000
Epoch 30/100 - loss: 4.8503 - lr: 0.001000
Epoch 31/100 - loss: 4.8835 - lr: 0.001000
Epoch 32/100 - loss: 4.8039 - lr: 0.001000
Epoch 33/100 - loss: 4.7938 - lr: 0.001000
Epoch 34/100 - loss: 4.7959 - lr: 0.001000
Epoch 35/100 - loss: 4.7727 - lr: 0.001000
Epoch 36/100 - loss: 4.7800 - lr: 0.001000
Epoch 37/100 - loss: 4.7377 - lr: 0.001000
Epoch 38/100 - loss: 4.7400 - lr: 0.001000
Epoch 39/100 - loss: 4.7228 - lr: 0.001000
Epoch 40/100 - loss: 4.7242 - lr: 0.001000
Epoch 41/100 - loss: 4.6982 - lr: 0.001000
Epoch 42/100 - loss: 4.7308 - lr: 0.001000
Epoch 43/100 - loss: 4.6762 - lr: 0.001000
Epoch 44/100 - loss: 4.6720 - lr: 0.001000
Epoch 45/100 - loss: 4.6630 - lr: 0.001000
Epoch 46/100 - loss: 4.6819 - lr: 0.001000
Epoch 47/100 - loss: 4.6309 - lr: 0.001000
Epoch 48/100 - loss: 4.6235 - lr: 0.001000
Epoch 49/100 - loss: 4.6291 - lr: 0.001000
Epoch 50/100 - loss: 4.6152 - lr: 0.001000
Epoch 51/100 - loss: 4.6046 - lr: 0.001000
Epoch 52/100 - loss: 4.6388 - lr: 0.001000
Epoch 53/100 - loss: 4.5753 - lr: 0.001000
Epoch 54/100 - loss: 4.5777 - lr: 0.001000
Epoch 55/100 - loss: 4.5515 - lr: 0.001000
Epoch 56/100 - loss: 4.5739 - lr: 0.001000
Epoch 57/100 - loss: 4.5504 - lr: 0.001000
Epoch 58/100 - loss: 4.5483 - lr: 0.001000
Epoch 59/100 - loss: 4.5408 - lr: 0.001000
Epoch 60/100 - loss: 4.5157 - lr: 0.001000
Epoch 61/100 - loss: 4.5657 - lr: 0.001000
Epoch 62/100 - loss: 4.4926 - lr: 0.001000
Epoch 63/100 - loss: 4.5466 - lr: 0.001000
Epoch 64/100 - loss: 4.5186 - lr: 0.001000
Epoch 65/100 - loss: 4.4766 - lr: 0.001000
Epoch 66/100 - loss: 4.4870 - lr: 0.001000
Epoch 67/100 - loss: 4.4566 - lr: 0.001000
Epoch 68/100 - loss: 4.4855 - lr: 0.001000
Epoch 69/100 - loss: 4.4744 - lr: 0.001000
Epoch 70/100 - loss: 4.4555 - lr: 0.001000
Epoch 71/100 - loss: 4.4468 - lr: 0.001000
Epoch 72/100 - loss: 4.4768 - lr: 0.001000
Epoch 73/100 - loss: 4.4330 - lr: 0.001000
Epoch 74/100 - loss: 4.4424 - lr: 0.001000
Epoch 75/100 - loss: 4.4064 - lr: 0.001000
Epoch 76/100 - loss: 4.4435 - lr: 0.001000
Epoch 77/100 - loss: 4.4343 - lr: 0.001000
Epoch 78/100 - loss: 4.4245 - lr: 0.001000
Epoch 79/100 - loss: 4.4069 - lr: 0.001000
Epoch 80/100 - loss: 4.3987 - lr: 0.000100
Epoch 81/100 - loss: 4.2820 - lr: 0.000100
Epoch 82/100 - loss: 4.2521 - lr: 0.000100
Epoch 83/100 - loss: 4.1862 - lr: 0.000100
Epoch 84/100 - loss: 4.2244 - lr: 0.000100
Epoch 85/100 - loss: 4.1841 - lr: 0.000100
Epoch 86/100 - loss: 4.2188 - lr: 0.000100
Epoch 87/100 - loss: 4.1600 - lr: 0.000100
Epoch 88/100 - loss: 4.1910 - lr: 0.000100
Epoch 89/100 - loss: 4.1648 - lr: 0.000100
Epoch 90/100 - loss: 4.1744 - lr: 0.000100
Epoch 91/100 - loss: 4.1822 - lr: 0.000100
Epoch 92/100 - loss: 4.1675 - lr: 0.000100
Epoch 93/100 - loss: 4.1493 - lr: 0.000100
Epoch 94/100 - loss: 4.1408 - lr: 0.000100
Epoch 95/100 - loss: 4.1872 - lr: 0.000100
Epoch 96/100 - loss: 4.1901 - lr: 0.000100
Epoch 97/100 - loss: 4.1828 - lr: 0.000100
Epoch 98/100 - loss: 4.1377 - lr: 0.000100
Epoch 99/100 - loss: 4.1189 - lr: 0.000100
Epoch 100/100 - loss: 4.1089 - lr: 0.000010
اكتمل التدريب. آخر نسخة محفوظة في: checkpoints_v2/last.pth
